// Jest Snapshot v1, https://goo.gl/fbAQLP

exports[`Victory dialog component matches snapshot 1`] = `null`;
